 virtualenv实际上是一个python包，所以我们可以用easy_install或者pip安装。下面介绍在CentOS系统上的安装方法。

    easy_install安装方式：
1
2
	
[root@localhost ~]# yum install python-setuptools python-devel
[root@localhost ~]# easy_install virtualenv

    pip安装方式：
1
2
	
[root@localhost ~]# easy_install pip
[root@localhost ~]# pip install virtualenv

    yum安装方式（epel源）：
1
	
[root@localhost ~]# yum install python-virtualenv

二、创建python虚拟环境

    使用virtualenv命令创建python虚拟环境：virtualenv [虚拟环境名称]。
1
2
3
	
[root@localhost ~]# virtualenv env1
New python executable in env1/bin/python
Installing setuptools, pip...done.

    执行后，在本地会生成一个与虚拟环境同名的文件夹。

    如果你的系统里安装有不同版本的python，可以使用--python参数指定虚拟环境的python版本：
1
2
3
4
5
	
[root@localhost ~]# virtualenv --python=/usr/local/python-2.7.8/bin/python2.7 env1
Running virtualenv with interpreter /usr/local/python-2.7.8/bin/python2.7
New python executable in env1/bin/python2.7
Also creating executable in env1/bin/python
Installing setuptools, pip...done.

    实测默认情况下虚拟环境不会依赖系统环境的global site-packages。比如系统环境里安装了MySQLdb模块，在虚拟环境里import MySQLdb会提示ImportError。如果想依赖系统环境的第三方软件包，可以使用参数--system-site-packages。此外，也可使用virtualenvwrapper的toggleglobalsitepackages命令控制当前环境是否使用global site-packages。
1
2
3
	
[root@localhost ~]# virtualenv --system-site-packages env1
New python executable in env1/bin/python
Installing setuptools, pip...done.

三、启动虚拟环境

    进入虚拟环境目录，启动虚拟环境，如下：
1
2
3
4
	
[root@localhost ~]# cd env1/
[root@localhost env1]# source bin/activate
(env1)[root@localhost env1]# python -V
Python 2.7.8

    此时命令行前面会多出一个括号，括号里为虚拟环境的名称。以后easy_install或者pip安装的所有模块都会安装到该虚拟环境目录里。

四、退出虚拟环境

    退出虚拟环境：deactivate
1
2
	
(env1)[root@localhost env1]# deactivate
[root@localhost env1]#